src/components/features/StockModal.tsx(3,10): error TS6133: 'LineChart' is declared but its value is never read.
src/components/features/StockModal.tsx(3,21): error TS6133: 'Line' is declared but its value is never read.
src/components/sections/MoneyManagementHero.tsx(1,8): error TS6133: 'React' is declared but its value is never read.
tsconfig.node.json(21,5): error TS5023: Unknown compiler option 'erasableSyntaxOnly'.
